// Jest Snapshot v1, https://goo.gl/fbAQLP

exports[`Note should render Note 1`] = `
<Note
  createdAt={0}
  description="redux note"
  id="1"
  reference="some reference"
  status="mastered"
  tag="some tag"
  text="here is a note"
  topic="redux"
  updateStatus={[MockFunction]}
>
  <div>
    <h3>
       Topic: 
      redux
       
    </h3>
    <p>
      Description: 
      redux note
       
    </p>
    <p>
      Note: 
       
    </p>
    <p>
      Reference: 
      some reference
       
    </p>
    <p>
      Tag: 
      some tag
       
    </p>
    <p>
      Status: 
      mastered
    </p>
    <button
      onClick={[Function]}
    >
      Change status
    </button>
    <p>
      Date: 
      January 1st 1970, 1:00
       
    </p>
    <button
      onClick={[Function]}
    >
      Delete
    </button>
    <button
      onClick={[Function]}
    >
       Edit
    </button>
    <Modal
      ariaHideApp={true}
      bodyOpenClassName="ReactModal__Body--open"
      className="delete-warning"
      closeTimeoutMS={0}
      contentElement={[Function]}
      isOpen={false}
      onRequestClose={[Function]}
      overlayElement={[Function]}
      parentSelector={[Function]}
      portalClassName="ReactModalPortal"
      preventScroll={false}
      role="dialog"
      shouldCloseOnEsc={true}
      shouldCloseOnOverlayClick={true}
      shouldFocusAfterRender={true}
      shouldReturnFocusAfterClose={true}
    >
      <Portal
        containerInfo={
          <div
            class="ReactModalPortal"
          />
        }
      >
        <ModalPortal
          ariaHideApp={true}
          bodyOpenClassName="ReactModal__Body--open"
          className="delete-warning"
          closeTimeoutMS={0}
          contentElement={[Function]}
          defaultStyles={
            Object {
              "content": Object {
                "WebkitOverflowScrolling": "touch",
                "background": "#fff",
                "border": "1px solid #ccc",
                "borderRadius": "4px",
                "bottom": "40px",
                "left": "40px",
                "outline": "none",
                "overflow": "auto",
                "padding": "20px",
                "position": "absolute",
                "right": "40px",
                "top": "40px",
              },
              "overlay": Object {
                "backgroundColor": "rgba(255, 255, 255, 0.75)",
                "bottom": 0,
                "left": 0,
                "position": "fixed",
                "right": 0,
                "top": 0,
              },
            }
          }
          isOpen={false}
          onRequestClose={[Function]}
          overlayElement={[Function]}
          parentSelector={[Function]}
          portalClassName="ReactModalPortal"
          preventScroll={false}
          role="dialog"
          shouldCloseOnEsc={true}
          shouldCloseOnOverlayClick={true}
          shouldFocusAfterRender={true}
          shouldReturnFocusAfterClose={true}
          style={
            Object {
              "content": Object {},
              "overlay": Object {},
            }
          }
        />
      </Portal>
    </Modal>
  </div>
</Note>
`;
